// Jest Snapshot v1, https://goo.gl/fbAQLP

exports[`<Icon/> 1`] = `
<svg
  className=""
  viewBox="0 0 58 58"
  xmlns="http://www.w3.org/2000/svg"
>
  <circle
    cx="29"
    cy="29"
    r="29"
  />
  <path
    d="M44 29L22 44V14z"
    fill="#fff"
  />
  <path
    d="M22 45a.999.999 0 0 1-1-1V14a.999.999 0 0 1 1.564-.826l22 15a1.001 1.001 0 0 1-.001 1.652l-22 15A1.002 1.002 0 0 1 22 45zm1-29.107v26.215L42.225 29 23 15.893z"
    fill="#fff"
  />
</svg>
`;

exports[`<Icon/> 2`] = `
<svg
  viewBox="0 0 512 512"
  xmlns="http://www.w3.org/2000/svg"
>
  <path
    d="M256 0C114.837 0 0 114.837 0 256s114.837 256 256 256 256-114.837 256-256S397.163 0 256 0z"
  />
</svg>
`;

exports[`<Icon/> 3`] = `null`;
